Error: connect ECONNREFUSED 127.0.0.1:3306
    at <anonymous> (E:\Starcraft\server\src\app.ts:83:16)
    at Layer.handleRequest (E:\Starcraft\node_modules\router\lib\layer.js:152:17)
    at next (E:\Starcraft\node_modules\router\lib\route.js:157:13)
    at Route.dispatch (E:\Starcraft\node_modules\router\lib\route.js:117:3)
    at handle (E:\Starcraft\node_modules\router\index.js:435:11)
    at Layer.handleRequest (E:\Starcraft\node_modules\router\lib\layer.js:152:17)
    at E:\Starcraft\node_modules\router\index.js:295:15
    at processParams (E:\Starcraft\node_modules\router\index.js:582:12)
    at next (E:\Starcraft\node_modules\router\index.js:291:5)
    at cookieParser (E:\Starcraft\node_modules\cookie-parser\index.js:57:14) {
  errno: -4078,
  code: 'ECONNREFUSED',
  syscall: 'connect',
  address: '127.0.0.1',
  port: 3306,
  fatal: true
}
Error: connect ECONNREFUSED 127.0.0.1:3306
    at <anonymous> (E:\Starcraft\server\src\app.ts:83:16)
    at Layer.handleRequest (E:\Starcraft\node_modules\router\lib\layer.js:152:17)
    at next (E:\Starcraft\node_modules\router\lib\route.js:157:13)
    at Route.dispatch (E:\Starcraft\node_modules\router\lib\route.js:117:3)
    at handle (E:\Starcraft\node_modules\router\index.js:435:11)
    at Layer.handleRequest (E:\Starcraft\node_modules\router\lib\layer.js:152:17)
    at E:\Starcraft\node_modules\router\index.js:295:15
    at processParams (E:\Starcraft\node_modules\router\index.js:582:12)
    at next (E:\Starcraft\node_modules\router\index.js:291:5)
    at cookieParser (E:\Starcraft\node_modules\cookie-parser\index.js:57:14) {
  errno: -4078,
  code: 'ECONNREFUSED',
  syscall: 'connect',
  address: '127.0.0.1',
  port: 3306,
  fatal: true
}
Error: Table 'starcraft_tmg.tournaments' doesn't exist
    at TournamentRepository.list (E:\Starcraft\server\src\modules\tournaments\tournament.repository.ts:21:36)
    at <anonymous> (E:\Starcraft\server\src\modules\tournaments\tournament.routes.ts:24:38)
    at Layer.handleRequest (E:\Starcraft\node_modules\router\lib\layer.js:152:17)
    at next (E:\Starcraft\node_modules\router\lib\route.js:157:13)
    at Route.dispatch (E:\Starcraft\node_modules\router\lib\route.js:117:3)
    at handle (E:\Starcraft\node_modules\router\index.js:435:11)
    at Layer.handleRequest (E:\Starcraft\node_modules\router\lib\layer.js:152:17)
    at E:\Starcraft\node_modules\router\index.js:295:15
    at processParams (E:\Starcraft\node_modules\router\index.js:582:12)
    at next (E:\Starcraft\node_modules\router\index.js:291:5) {
  code: 'ER_NO_SUCH_TABLE',
  errno: 1146,
  sqlState: '42S02',
  sqlMessage: "Table 'starcraft_tmg.tournaments' doesn't exist",
  sql: "SELECT payload, revision FROM tournaments WHERE (status <> 'DRAFT' OR owner_id = NULL) ORDER BY starts_at DESC, id LIMIT 25 OFFSET 0"
}
